2026-04-26 20:41:16 | INFO | intent_parser.server | [REQUEST] POST /run
2026-04-26 20:41:48 | INFO | intent_parser.tools | [TOOL 3] get_category_certifications | category=temperature_sensors region=EU
2026-04-26 20:41:50 | INFO | intent_parser.tools | [TOOL 3] Required certs: ['CE', 'ISO9001', 'RoHS'] | Optional: []
2026-04-26 20:44:48 | INFO | intent_parser.server | [REQUEST] POST /apps/IntentParser/users/buyer-001/sessions
2026-04-26 20:45:22 | INFO | intent_parser.server | [REQUEST] POST /run
2026-04-26 20:45:33 | INFO | intent_parser.tools | [TOOL 1] extract_and_save_order | buyer=buyer-001 product='RTD PT100 sensor' qty=200 target=3.2 max=3.8 region=EU
2026-04-26 20:45:34 | INFO | intent_parser.tools | [TOOL 1] Order saved | order_id=ord-d06dc339 line_item_id=li-c8a81205
2026-04-26 20:45:38 | INFO | intent_parser.tools | [TOOL 2] lookup_product_catalog | product='RTD PT100 sensor' hint=''
2026-04-26 20:45:40 | INFO | intent_parser.tools | [TOOL 2] Found 0 matches
2026-04-26 20:45:40 | DEBUG | intent_parser.tools | [TOOL 2] Matches: []
2026-04-26 20:45:45 | INFO | intent_parser.tools | [TOOL 2] lookup_product_catalog | product='RTD PT100 sensor' hint='temperature_sensors'
2026-04-26 20:45:47 | INFO | intent_parser.tools | [TOOL 2] Found 0 matches
2026-04-26 20:45:47 | DEBUG | intent_parser.tools | [TOOL 2] Matches: []
2026-04-26 20:45:52 | INFO | intent_parser.tools | [TOOL 3] get_category_certifications | category=temperature_sensors region=EU
2026-04-26 20:45:54 | INFO | intent_parser.tools | [TOOL 3] Required certs: ['CE', 'ISO9001', 'RoHS'] | Optional: []
2026-04-26 20:46:00 | INFO | intent_parser.tools | [TOOL 4] validate_bom_completeness | product='RTD PT100 sensor' qty=200
2026-04-26 20:46:00 | INFO | intent_parser.tools | [TOOL 4] Result: True | confidence=0.85 | missing=[]
2026-04-26 20:46:05 | INFO | intent_parser.tools | [TOOL 5] save_parsed_bom | line_item_id=li-c8a81205 confidence=0.85
2026-04-26 20:46:08 | INFO | intent_parser.tools | [TOOL 5] BOM saved | status=discovering found with id li-c8a81205
2026-04-26 20:46:14 | WARNING | intent_parser.server | [AGENT OUTPUT] Could not parse LOG_DATA: Expecting property name enclosed in double quotes: line 1 column 2 (char 1)
2026-04-26 20:53:58 | INFO | intent_parser.server | [REQUEST] POST /apps/IntentParser/users/buyer-001/sessions
2026-04-26 20:54:38 | INFO | intent_parser.server | [REQUEST] POST /apps/IntentParser/users/buyer-002/sessions
2026-04-26 20:54:57 | INFO | intent_parser.server | [REQUEST] POST /run
2026-04-26 20:55:08 | INFO | intent_parser.tools | [TOOL 1] extract_and_save_order | buyer=buyer-001 product='RTD PT100 sensors' qty=200 target=3.2 max=3.8 region=EU
2026-04-26 20:55:08 | INFO | intent_parser.tools | [TOOL 1] Order saved | order_id=ord-b1cc83bd line_item_id=li-3b4bb957
2026-04-26 20:55:13 | INFO | intent_parser.tools | [TOOL 2] lookup_product_catalog | product='RTD PT100 sensors' hint=''
2026-04-26 20:55:15 | INFO | intent_parser.tools | [TOOL 2] Found 0 matches
2026-04-26 20:55:15 | DEBUG | intent_parser.tools | [TOOL 2] Matches: []
2026-04-26 20:55:20 | INFO | intent_parser.tools | [TOOL 2] lookup_product_catalog | product='RTD PT100 sensor' hint='temperature_sensors'
2026-04-26 20:55:22 | INFO | intent_parser.tools | [TOOL 2] Found 0 matches
2026-04-26 20:55:22 | DEBUG | intent_parser.tools | [TOOL 2] Matches: []
2026-04-26 20:55:27 | INFO | intent_parser.tools | [TOOL 2] lookup_product_catalog | product='PT100 sensor' hint=''
2026-04-26 20:55:29 | INFO | intent_parser.tools | [TOOL 2] Found 2 matches
2026-04-26 20:55:29 | DEBUG | intent_parser.tools | [TOOL 2] Matches: [
  {
    "product_name": "RTD PT100 Sensor Class B",
    "product_category": "RTD_sensors",
    "specs": {
      "type": "PT100",
      "class": "B",
      "protection": "IP65",
      "output": "2-wire"
    },
    "price_eur": 3.4,
    "min_lead_time_days": 8,
    "total_stock": 3000
  },
  {
    "product_name": "RTD PT100 Sensor Class A",
    "product_category": "RTD_sensors",
    "specs": {
      "type": "PT100",
      "class": "A",
      "protection": "IP65",
      "output": "3-wire"
    },
    "price_eur": 3.85,
    "min_lead_time_days": 10,
    "total_stock": 1500
  }
]
2026-04-26 20:55:34 | INFO | intent_parser.tools | [TOOL 3] get_category_certifications | category=RTD_sensors region=EU
2026-04-26 20:55:36 | INFO | intent_parser.tools | [TOOL 3] Required certs: ['CE', 'ISO9001', 'RoHS'] | Optional: ['KS']
2026-04-26 20:55:41 | INFO | intent_parser.tools | [TOOL 4] validate_bom_completeness | product='RTD PT100 Sensor Class B' qty=200
2026-04-26 20:55:41 | INFO | intent_parser.tools | [TOOL 4] Result: True | confidence=0.85 | missing=[]
2026-04-26 20:55:47 | INFO | intent_parser.tools | [TOOL 5] save_parsed_bom | line_item_id=li-3b4bb957 confidence=0.85
2026-04-26 20:55:50 | INFO | intent_parser.tools | [TOOL 5] BOM saved | status=discovering found with id li-3b4bb957
2026-04-26 20:55:56 | WARNING | intent_parser.server | [AGENT OUTPUT] Could not parse LOG_DATA: Expecting property name enclosed in double quotes: line 1 column 2 (char 1)
2026-04-26 21:03:14 | INFO | intent_parser.server | [REQUEST] POST /apps/IntentParser/users/buyer-003/sessions
2026-04-26 21:03:48 | INFO | intent_parser.server | [REQUEST] POST /run
2026-04-26 21:03:59 | INFO | intent_parser.tools | [TOOL 1] extract_and_save_order | buyer=buyer-001 product='RTD PT100 sensor' qty=200 target=3.2 max=3.8 region=EU
2026-04-26 21:04:00 | INFO | intent_parser.tools | [TOOL 1] Order saved | order_id=ord-7a2efd3e line_item_id=li-eac1a55c
2026-04-26 21:04:05 | INFO | intent_parser.tools | [TOOL 2] lookup_product_catalog | product='RTD PT100 sensor' hint=''
2026-04-26 21:04:07 | INFO | intent_parser.tools | [TOOL 2] Found 2 matches
2026-04-26 21:04:07 | DEBUG | intent_parser.tools | [TOOL 2] Matches: [
  {
    "product_name": "RTD PT100 Sensor Class B",
    "product_category": "RTD_sensors",
    "specs": {
      "type": "PT100",
      "class": "B",
      "protection": "IP65",
      "output": "2-wire"
    },
    "price_eur": 3.4,
    "min_lead_time_days": 8,
    "total_stock": 3000
  },
  {
    "product_name": "RTD PT100 Sensor Class A",
    "product_category": "RTD_sensors",
    "specs": {
      "type": "PT100",
      "class": "A",
      "protection": "IP65",
      "output": "3-wire"
    },
    "price_eur": 3.85,
    "min_lead_time_days": 10,
    "total_stock": 1500
  }
]
2026-04-26 21:04:12 | INFO | intent_parser.tools | [TOOL 3] get_category_certifications | category=RTD_sensors region=EU
2026-04-26 21:04:14 | INFO | intent_parser.tools | [TOOL 3] Required certs: ['CE', 'ISO9001', 'RoHS'] | Optional: ['KS']
2026-04-26 21:04:20 | INFO | intent_parser.tools | [TOOL 4] validate_bom_completeness | product='RTD PT100 Sensor Class B' qty=200
2026-04-26 21:04:20 | INFO | intent_parser.tools | [TOOL 4] Result: True | confidence=0.95 | missing=[]
2026-04-26 21:04:26 | INFO | intent_parser.tools | [TOOL 5] save_parsed_bom | line_item_id=li-eac1a55c confidence=0.95
2026-04-26 21:04:28 | INFO | intent_parser.tools | [TOOL 5] BOM saved | status=discovering found with id li-eac1a55c
2026-04-26 21:04:34 | WARNING | intent_parser.server | [AGENT OUTPUT] Could not parse LOG_DATA: 'str' object has no attribute 'group'
2026-04-27 13:16:26 | ERROR | procurement_orchestrator.tools | parse_intent_and_create_order failed: insert or update on table "orders" violates foreign key constraint "orders_buyer_id_fkey"
DETAIL:  Key (buyer_id)=(default) is not present in table "buyers".

2026-04-27 13:22:23 | INFO | procurement.run_agent | [REQUEST] POST /apps/ProcurementOrchestrator/users/buyer-004/sessions
2026-04-27 13:23:08 | INFO | procurement.run_agent | [REQUEST] POST /run app=ProcurementOrchestrator user=buyer-004 session=38df9c15-79e9-4874-99ec-764018ae9a15
2026-04-27 13:23:08 | INFO | procurement.run_agent | [REQUEST] Applying 10s delay before /run for rate-limit control.












2026-04-27 13:27:31 | INFO | procurement.run_agent | [REQUEST] POST /run app=ProcurementOrchestrator user=buyer-004 session=38df9c15-79e9-4874-99ec-764018ae9a15
2026-04-27 13:27:31 | INFO | procurement.run_agent | [REQUEST] Applying 10s delay before /run for rate-limit control.
2026-04-27 13:28:27 | INFO | procurement.run_agent | [REQUEST] POST /run app=ProcurementOrchestrator user=buyer-004 session=38df9c15-79e9-4874-99ec-764018ae9a15
2026-04-27 13:28:27 | INFO | procurement.run_agent | [REQUEST] Applying 10s delay before /run for rate-limit control.
2026-04-27 13:31:44 | INFO | procurement.run_agent | [REQUEST] POST /run app=ProcurementOrchestrator user=buyer-004 session=38df9c15-79e9-4874-99ec-764018ae9a15
2026-04-27 13:31:44 | INFO | procurement.run_agent | [REQUEST] Applying 10s delay before /run for rate-limit control.
2026-04-27 13:40:40 | INFO | procurement.run_agent | [REQUEST] POST /apps/ProcurementOrchestrator/users/buyer-005/sessions
2026-04-27 13:41:08 | INFO | procurement.run_agent | [REQUEST] POST /run app=ProcurementOrchestrator user=buyer-004 session=793c6ec4-97dc-4898-a6b2-3f1d3aeb9641
2026-04-27 13:41:08 | INFO | procurement.run_agent | [REQUEST] Applying 10s delay before /run for rate-limit control.
2026-04-27 13:41:28 | INFO | procurement.run_agent | [REQUEST] POST /run app=ProcurementOrchestrator user=buyer-005 session=793c6ec4-97dc-4898-a6b2-3f1d3aeb9641
2026-04-27 13:41:28 | INFO | procurement.run_agent | [REQUEST] Applying 10s delay before /run for rate-limit control.
2026-04-27 13:42:26 | WARNING | procurement.run_agent | [AGENT OUTPUT] Could not parse LOG_DATA: Expecting property name enclosed in double quotes: line 1 column 2 (char 1)
